(function () {
// Source: src/test/resources/partials/level1/level1.html

  var template = Handlebars.template({"compiler":[8,">= 4.3.0"],"main":function(container,depth0,helpers,partials,data) {
    var helper;

  return "<h1>I'm "
    + container.escapeExpression(((helper = (helper = helpers.level1 || (depth0 != null ? depth0.level1 : depth0)) != null ? helper : helpers.helperMissing),(typeof helper === "function" ? helper.call(depth0 != null ? depth0 : {},{"name":"level1","hash":{},"data":data}) : helper)))
    + "</h1>";
},"useData":true});
  var templates = Handlebars.templates = Handlebars.templates || {};
  templates['level1/level1'] = template;
  var partials = Handlebars.partials = Handlebars.partials || {};
  partials['level1/level1'] = template;


// Source: src/test/resources/partials/partial/base.html

  var template = Handlebars.template({"compiler":[8,">= 4.3.0"],"main":function(container,depth0,helpers,partials,data) {
    var stack1;

  return "I'm the base partial\n"
    + ((stack1 = container.invokePartial(partials["partial/partial"],depth0,{"name":"partial/partial","data":data,"helpers":helpers,"partials":partials,"decorators":container.decorators})) != null ? stack1 : "");
},"usePartial":true,"useData":true});
  var templates = Handlebars.templates = Handlebars.templates || {};
  templates['partial/base'] = template;
  var partials = Handlebars.partials = Handlebars.partials || {};
  partials['partial/base'] = template;


// Source: src/test/resources/partials/partial/partial.html

  var template = Handlebars.template({"compiler":[8,">= 4.3.0"],"main":function(container,depth0,helpers,partials,data) {
    return "I'm the child partial";
},"useData":true});
  var templates = Handlebars.templates = Handlebars.templates || {};
  templates['partial/partial'] = template;
  var partials = Handlebars.partials = Handlebars.partials || {};
  partials['partial/partial'] = template;


// Source: src/test/resources/partials/root.html

  var template = Handlebars.template({"compiler":[8,">= 4.3.0"],"main":function(container,depth0,helpers,partials,data) {
    return "Hello "
    + container.escapeExpression(container.lambda(depth0, depth0))
    + "!";
},"useData":true});
  var templates = Handlebars.templates = Handlebars.templates || {};
  templates['root'] = template;
  var partials = Handlebars.partials = Handlebars.partials || {};
  partials['root'] = template;



})();