(function () {
// Source: src/test/resources/i18nJs/i18njs.html

  var template = Handlebars.template({"compiler":[8,">= 4.3.0"],"main":function(container,depth0,helpers,partials,data) {
    var helper;

  return container.escapeExpression(((helper = (helper = helpers.i18nJs || (depth0 != null ? depth0.i18nJs : depth0)) != null ? helper : helpers.helperMissing),(typeof helper === "function" ? helper.call(depth0 != null ? depth0 : {},{"name":"i18nJs","hash":{},"data":data}) : helper)))
    + "\n"
    + container.escapeExpression((helpers.i18n || (depth0 && depth0.i18n) || helpers.helperMissing).call(depth0 != null ? depth0 : {},"hello",{"name":"i18n","hash":{},"data":data}))
    + "\n"
    + container.escapeExpression((helpers.i18n || (depth0 && depth0.i18n) || helpers.helperMissing).call(depth0 != null ? depth0 : {},"formatted","Edgar!",{"name":"i18n","hash":{},"data":data}))
    + "\n"
    + container.escapeExpression((helpers.i18n || (depth0 && depth0.i18n) || helpers.helperMissing).call(depth0 != null ? depth0 : {},"args","a","b","c",{"name":"i18n","hash":{},"data":data}))
    + "\n";
},"useData":true});
  var templates = Handlebars.templates = Handlebars.templates || {};
  templates['i18njs'] = template;
  var partials = Handlebars.partials = Handlebars.partials || {};
  partials['i18njs'] = template;


// i18nJs output:
// register an empty i18nJs helper:
Handlebars.registerHelper('i18nJs', function (arguments) {
I18n.locale = arguments[0] || "en_US";
return '';
});

// redirect i18n helper to i18n.js:
Handlebars.registerHelper('i18n', function () {
var key = arguments[0],
  i18nOpts = {},
  len = arguments.length - 1,  options = arguments[len];
for(var i = 1; i < len; i++) {
  i18nOpts['arg' + (i - 1)] = arguments[i];
}
i18nOpts.locale = options.hash.locale;
return I18n.t(key, i18nOpts);
});



})();